// Jest Snapshot v1, https://goo.gl/fbAQLP

exports[`<Facilities /> should render the heading 1`] = `
.c0 {
  color: #373737;
  font-size: 2.0rem;
  padding-left: 0.8rem;
  border-left: 0.7rem solid #34ABD0;
}

.c1 {
  display: -webkit-box;
  display: -webkit-flex;
  display: -ms-flexbox;
  display: flex;
  -webkit-align-items: center;
  -webkit-box-align: center;
  -ms-flex-align: center;
  align-items: center;
}

.c2 {
  display: -webkit-box;
  display: -webkit-flex;
  display: -ms-flexbox;
  display: flex;
  -webkit-align-items: center;
  -webkit-box-align: center;
  -ms-flex-align: center;
  align-items: center;
  margin-top: 1.6rem;
  margin-right: 4.0rem;
}

.c2 svg {
  height: 2rem;
  width: 2rem;
  color: #7D7D7D;
}

.c3 {
  color: #7D7D7D;
  font-weight: 400;
  font-size: 1.2rem;
}

@media (min-width:768px) {
  .c0 {
    font-size: 2.8rem;
  }
}

<main
  class=""
>
  <h2
    class="c0"
    color="black"
  >
    Facilities
  </h2>
  <div
    class="c1"
  >
    <div
      class="c2"
    >
      <p
        class="c3"
      />
    </div>
  </div>
</main>
`;
