// Jest Snapshot v1, https://goo.gl/fbAQLP

exports[`<Showcase /> should render the heading 1`] = `
.c0 {
  position: relative;
  width: 30rem;
}

.c1 {
  width: 30rem;
  height: 30rem;
  background-color: #EAEAEA;
  background-image: url(https://creativelayers.net/themes/houzing-html/images/property/ep1.jpg);
  background-position: center center;
  background-size: cover;
}

.c2 {
  width: 100%;
  background-color: rgba(0,0,0,0.7);
  padding: 2.4rem;
  position: absolute;
  text-align: center;
  display: -webkit-box;
  display: -webkit-flex;
  display: -ms-flexbox;
  display: flex;
  -webkit-align-items: center;
  -webkit-box-align: center;
  -ms-flex-align: center;
  align-items: center;
  -webkit-box-pack: center;
  -webkit-justify-content: center;
  -ms-flex-pack: center;
  justify-content: center;
}

.c3 {
  font-size: 2.8rem;
  font-weight: 600;
  color: #FAFAFA;
}

.c4 {
  color: #FAFAFA;
  font-size: 1.4rem;
  font-weight: 400;
  margin-bottom: 1.6rem;
}

.c4 strong {
  color: #34ABD0;
  font-weight: 600;
}

@media (min-width:768px) {
  .c1 {
    height: 35rem;
  }
}

@media (min-width:768px) {
  .c2 {
    border-radius: 0 0 0.4rem 0.4rem;
    padding: 4.0rem;
    position: absolute;
    top: 0;
    left: 0;
    height: 35rem;
  }
}

@media (min-width:768px) {
  .c3 {
    font-size: 2.8rem;
  }
}

<main
  class="c0"
>
  <div
    aria-label="Casa"
    class="c1"
    role="img"
    src="https://creativelayers.net/themes/houzing-html/images/property/ep1.jpg"
  />
  <div
    class="c2"
  >
    <div
      class=""
    >
      <h1
        class="c3"
      >
        Casa
      </h1>
      <h3
        class="c4"
      >
        700 Im√≥veis
      </h3>
    </div>
  </div>
</main>
`;
