// Jest Snapshot v1, https://goo.gl/fbAQLP

exports[`<Banner /> should render the heading 1`] = `
.c0 {
  position: relative;
}

.c1 {
  width: 100%;
  height: 23rem;
  background-color: #EAEAEA;
  background-image: url(https://images.unsplash.com/photo-1570129477492-45c003edd2be?ixlib=rb-1.2.1&ixid=MnwxMjA3fDB8MHxwaG90by1wYWdlfHx8fGVufDB8fHx8&auto=format&fit=crop&w=1170&q=80);
  background-position: center center;
  background-size: cover;
}

.c2 {
  width: 100%;
  background-color: rgba(0,0,0,0.7);
  padding: 2.4rem;
}

.c3 {
  font-size: 1.8rem;
  font-weight: 600;
  color: #FAFAFA;
}

.c4 {
  color: #FAFAFA;
  font-size: 1.4rem;
  font-weight: 400;
  margin-bottom: 1.6rem;
}

.c4 strong {
  color: #0D263B;
  font-weight: 600;
}

@media (max-width:1170px) {
  .c0 .sc-bdvvaa {
    right: 0;
  }

  .c0 .sc-bdvvaa::before {
    display: none;
  }
}

@media (min-width:768px) {
  .c0 {
    box-shadow: 0 0.4rem 0.5rem 0 rgba(0,0,0,0.2);
  }
}

@media (min-width:768px) {
  .c1 {
    height: 58rem;
  }
}

@media (min-width:768px) {
  .c2 {
    border-radius: 0 0 0.4rem 0.4rem;
    padding: 4.0rem;
    position: absolute;
    bottom: 0;
    left: 0;
  }
}

@media (min-width:768px) {
  .c3 {
    font-size: 2.8rem;
  }
}

@media (min-width:768px) {
  .c4 {
    font-size: 1.8rem;
  }
}

<main
  class="c0"
>
  <div
    aria-label="É muito bom estar em casa!"
    class="c1"
    role="img"
    src="https://images.unsplash.com/photo-1570129477492-45c003edd2be?ixlib=rb-1.2.1&ixid=MnwxMjA3fDB8MHxwaG90by1wYWdlfHx8fGVufDB8fHx8&auto=format&fit=crop&w=1170&q=80"
  />
  <div
    class="c2"
  >
    <h1
      class="c3"
    >
      É muito bom estar em casa!
    </h1>
    <h3
      class="c4"
    >
      Encontre sua casa perfeita
    </h3>
  </div>
</main>
`;
